============================= test session starts =============================
platform win32 -- Python 3.14.2, pytest-9.0.2, pluggy-1.6.0
rootdir: C:\Users\shant\Desktop\polybot
plugins: anyio-4.12.0, hypothesis-6.148.8, asyncio-1.3.0, cov-7.0.0
asyncio: mode=Mode.STRICT, debug=False, asyncio_default_fixture_loop_scope=None, asyncio_default_test_loop_scope=function
collected 0 items / 1 error

=================================== ERRORS ====================================
_________ ERROR collecting tests/test_main_orchestrator_properties.py _________
D:\program_software\Python314\Lib\site-packages\_pytest\python.py:507: in importtestmodule
    mod = import_path(
D:\program_software\Python314\Lib\site-packages\_pytest\pathlib.py:587: in import_path
    importlib.import_module(module_name)
D:\program_software\Python314\Lib\importlib\__init__.py:88: in import_module
    return _bootstrap._gcd_import(name[level:], package, level)
           ^^^^^^^^^^^^^^^^^^^^^^^^^^^^^^^^^^^^^^^^^^^^^^^^^^^^
<frozen importlib._bootstrap>:1398: in _gcd_import
    ???
<frozen importlib._bootstrap>:1371: in _find_and_load
    ???
<frozen importlib._bootstrap>:1342: in _find_and_load_unlocked
    ???
<frozen importlib._bootstrap>:938: in _load_unlocked
    ???
D:\program_software\Python314\Lib\site-packages\_pytest\assertion\rewrite.py:188: in exec_module
    source_stat, co = _rewrite_test(fn, self.config)
                      ^^^^^^^^^^^^^^^^^^^^^^^^^^^^^^
D:\program_software\Python314\Lib\site-packages\_pytest\assertion\rewrite.py:359: in _rewrite_test
    co = compile(tree, strfn, "exec", dont_inherit=True)
         ^^^^^^^^^^^^^^^^^^^^^^^^^^^^^^^^^^^^^^^^^^^^^^^
E     File "C:\Users\shant\Desktop\polybot\tests\test_main_orchestrator_properties.py", line 422
E       try:
E       ^^^^
E   SyntaxError: too many statically nested blocks
=========================== short test summary info ===========================
ERROR tests/test_main_orchestrator_properties.py
!!!!!!!!!!!!!!!!!!!!!!!!!! stopping after 1 failures !!!!!!!!!!!!!!!!!!!!!!!!!!
!!!!!!!!!!!!!!!!!!! Interrupted: 1 error during collection !!!!!!!!!!!!!!!!!!!!
============================== 1 error in 0.75s ===============================
